0 ||| dieses haus ||| this house ||| tm_pt_0=0.000 tm_pt_1=0.000 tm_pt_2=-0.021 tm_glue_0=1.000 lm_0=-1.866 OOVPenalty=0.000 WordPenalty=-1.737 SourcePath=-1.000 ||| -1.140
0 ||| ein haus ||| a house ||| tm_pt_0=0.000 tm_pt_1=-0.228 tm_pt_2=-0.021 tm_glue_0=1.000 lm_0=-1.888 OOVPenalty=0.000 WordPenalty=-1.737 SourcePath=-0.900 ||| -1.176
0 ||| haus ||| house ||| tm_pt_0=-0.022 tm_pt_1=0.000 tm_pt_2=-0.021 tm_glue_0=1.000 lm_0=-2.555 OOVPenalty=0.000 WordPenalty=-1.303 SourcePath=-0.500 ||| -1.785
0 ||| ein haus ||| a small house ||| tm_pt_0=-0.778 tm_pt_1=-0.228 tm_pt_2=-1.343 tm_glue_0=1.000 lm_0=-2.279 OOVPenalty=0.000 WordPenalty=-2.171 SourcePath=-0.900 ||| -2.572
0 ||| dieses haus ||| this small house ||| tm_pt_0=-1.301 tm_pt_1=0.000 tm_pt_2=-1.343 tm_glue_0=2.000 lm_0=-3.166 OOVPenalty=0.000 WordPenalty=-2.171 SourcePath=-1.000 ||| -3.967
0 ||| haus ||| small house ||| tm_pt_0=-1.301 tm_pt_1=0.000 tm_pt_2=-1.343 tm_glue_0=1.000 lm_0=-3.877 OOVPenalty=0.000 WordPenalty=-1.737 SourcePath=-0.500 ||| -4.612
0 ||| haus ||| haus_OOV ||| tm_pt_0=0.000 tm_pt_1=0.000 tm_pt_2=0.000 tm_glue_0=1.000 lm_0=-100.681 OOVPenalty=-100.000 WordPenalty=-1.303 SourcePath=-0.500 ||| -199.878
0 ||| ein haus ||| ein_OOV house ||| tm_pt_0=0.000 tm_pt_1=0.000 tm_pt_2=-0.021 tm_glue_0=1.000 lm_0=-101.110 OOVPenalty=-100.000 WordPenalty=-1.737 SourcePath=-0.900 ||| -200.284
0 ||| dieses haus ||| dieses_OOV house ||| tm_pt_0=0.000 tm_pt_1=0.000 tm_pt_2=-0.021 tm_glue_0=1.000 lm_0=-101.110 OOVPenalty=-100.000 WordPenalty=-1.737 SourcePath=-1.000 ||| -200.384
0 ||| dieses haus ||| this haus_OOV ||| tm_pt_0=0.000 tm_pt_1=0.000 tm_pt_2=0.000 tm_glue_0=2.000 lm_0=-101.827 OOVPenalty=-100.000 WordPenalty=-1.737 SourcePath=-1.000 ||| -201.090
0 ||| ein haus ||| a haus_OOV ||| tm_pt_0=0.000 tm_pt_1=-0.228 tm_pt_2=0.000 tm_glue_0=1.000 lm_0=-101.827 OOVPenalty=-100.000 WordPenalty=-1.737 SourcePath=-0.900 ||| -201.104
0 ||| ein haus ||| ein_OOV small house ||| tm_pt_0=-1.301 tm_pt_1=0.000 tm_pt_2=-1.343 tm_glue_0=2.000 lm_0=-102.433 OOVPenalty=-100.000 WordPenalty=-2.171 SourcePath=-0.900 ||| -203.134
0 ||| dieses haus ||| dieses_OOV small house ||| tm_pt_0=-1.301 tm_pt_1=0.000 tm_pt_2=-1.343 tm_glue_0=2.000 lm_0=-102.433 OOVPenalty=-100.000 WordPenalty=-2.171 SourcePath=-1.000 ||| -203.234
0 ||| ein haus ||| ein_OOV haus_OOV ||| tm_pt_0=0.000 tm_pt_1=0.000 tm_pt_2=0.000 tm_glue_0=2.000 lm_0=-200.681 OOVPenalty=-200.000 WordPenalty=-1.737 SourcePath=-0.900 ||| -399.844
0 ||| dieses haus ||| dieses_OOV haus_OOV ||| tm_pt_0=0.000 tm_pt_1=0.000 tm_pt_2=0.000 tm_glue_0=2.000 lm_0=-200.681 OOVPenalty=-200.000 WordPenalty=-1.737 SourcePath=-1.000 ||| -399.944
1 ||| ein ||| a ||| tm_pt_0=0.000 tm_pt_1=-0.228 tm_pt_2=0.000 tm_glue_0=1.000 lm_0=-3.040 OOVPenalty=0.000 WordPenalty=-1.303 SourcePath=0.000 ||| -1.851
1 ||| ein ||| ein_OOV ||| tm_pt_0=0.000 tm_pt_1=0.000 tm_pt_2=0.000 tm_glue_0=1.000 lm_0=-100.681 OOVPenalty=-100.000 WordPenalty=-1.303 SourcePath=0.000 ||| -199.378
2 ||| ein haus ||| a house ||| tm_pt_0=0.000 tm_pt_1=-0.228 tm_pt_2=-0.021 tm_glue_0=1.000 lm_0=-1.888 OOVPenalty=0.000 WordPenalty=-1.737 SourcePath=-0.700 ||| -0.976
2 ||| dieses haus ||| this house ||| tm_pt_0=0.000 tm_pt_1=0.000 tm_pt_2=-0.021 tm_glue_0=1.000 lm_0=-1.866 OOVPenalty=0.000 WordPenalty=-1.737 SourcePath=-1.000 ||| -1.140
2 ||| haus ||| house ||| tm_pt_0=-0.022 tm_pt_1=0.000 tm_pt_2=-0.021 tm_glue_0=1.000 lm_0=-2.555 OOVPenalty=0.000 WordPenalty=-1.303 SourcePath=-0.500 ||| -1.785
2 ||| ein haus ||| a small house ||| tm_pt_0=-0.778 tm_pt_1=-0.228 tm_pt_2=-1.343 tm_glue_0=1.000 lm_0=-2.279 OOVPenalty=0.000 WordPenalty=-2.171 SourcePath=-0.700 ||| -2.372
2 ||| dieses haus ||| this small house ||| tm_pt_0=-1.301 tm_pt_1=0.000 tm_pt_2=-1.343 tm_glue_0=2.000 lm_0=-3.166 OOVPenalty=0.000 WordPenalty=-2.171 SourcePath=-1.000 ||| -3.967
2 ||| haus ||| small house ||| tm_pt_0=-1.301 tm_pt_1=0.000 tm_pt_2=-1.343 tm_glue_0=1.000 lm_0=-3.877 OOVPenalty=0.000 WordPenalty=-1.737 SourcePath=-0.500 ||| -4.612
2 ||| haus ||| haus_OOV ||| tm_pt_0=0.000 tm_pt_1=0.000 tm_pt_2=0.000 tm_glue_0=1.000 lm_0=-100.681 OOVPenalty=-100.000 WordPenalty=-1.303 SourcePath=-0.500 ||| -199.878
2 ||| ein haus ||| ein_OOV house ||| tm_pt_0=0.000 tm_pt_1=0.000 tm_pt_2=-0.021 tm_glue_0=1.000 lm_0=-101.110 OOVPenalty=-100.000 WordPenalty=-1.737 SourcePath=-0.700 ||| -200.084
2 ||| dieses haus ||| dieses_OOV house ||| tm_pt_0=0.000 tm_pt_1=0.000 tm_pt_2=-0.021 tm_glue_0=1.000 lm_0=-101.110 OOVPenalty=-100.000 WordPenalty=-1.737 SourcePath=-1.000 ||| -200.384
2 ||| ein haus ||| a haus_OOV ||| tm_pt_0=0.000 tm_pt_1=-0.228 tm_pt_2=0.000 tm_glue_0=1.000 lm_0=-101.827 OOVPenalty=-100.000 WordPenalty=-1.737 SourcePath=-0.700 ||| -200.904
2 ||| dieses haus ||| this haus_OOV ||| tm_pt_0=0.000 tm_pt_1=0.000 tm_pt_2=0.000 tm_glue_0=1.000 lm_0=-101.827 OOVPenalty=-100.000 WordPenalty=-1.737 SourcePath=-1.000 ||| -201.090
2 ||| ein haus ||| ein_OOV small house ||| tm_pt_0=-1.301 tm_pt_1=0.000 tm_pt_2=-1.343 tm_glue_0=2.000 lm_0=-102.433 OOVPenalty=-100.000 WordPenalty=-2.171 SourcePath=-0.700 ||| -202.934
2 ||| dieses haus ||| dieses_OOV small house ||| tm_pt_0=-1.301 tm_pt_1=0.000 tm_pt_2=-1.343 tm_glue_0=2.000 lm_0=-102.433 OOVPenalty=-100.000 WordPenalty=-2.171 SourcePath=-1.000 ||| -203.234
2 ||| ein haus ||| ein_OOV haus_OOV ||| tm_pt_0=0.000 tm_pt_1=0.000 tm_pt_2=0.000 tm_glue_0=2.000 lm_0=-200.681 OOVPenalty=-200.000 WordPenalty=-1.737 SourcePath=-0.700 ||| -399.644
2 ||| dieses haus ||| dieses_OOV haus_OOV ||| tm_pt_0=0.000 tm_pt_1=0.000 tm_pt_2=0.000 tm_glue_0=2.000 lm_0=-200.681 OOVPenalty=-200.000 WordPenalty=-1.737 SourcePath=-1.000 ||| -399.944
3 ||| sí ||| sí_OOV ||| tm_pt_0=0.000 tm_pt_1=0.000 tm_pt_2=0.000 tm_glue_0=1.000 lm_0=-100.681 OOVPenalty=-100.000 WordPenalty=-1.303 SourcePath=0.000 ||| -199.378
