0 ||| help ||| tm_glue_0=1.0 ||| 0.0
0 ||| help ||| tm_glue_0=1.0 ||| 0.0
